>>>mul=__import__('1-mul').mul

>>> mul(3, 3)
9

>>> mul(-3, 4)
-12

>>> mul(4, -3)
-12

>>> mul(2, "python")
python python

>>> mul("python", 2)
python python

>>> mul("python", "python")
Traceback (most recent call last):
	  ...
TypeError: can't multiply sequence by non-int of type 'str'

>>> mul(2, [1, 2, 3])
[1, 2, 3, 1, 2, 3]

>>> mul([3, 2, 1], 2)
[3, 2, 1, 3, 2, 1]

>>> mul(2, {2:"h"})
Traceback (most recent call last):
	  ...
TypeError: unsupported operand type(s) for *: 'int' and 'dic'

>>> mul({2:"h"}, 2)
Traceback (most recent call last):
	  ...
TypeError: unsupported operand type(s) for *: 'int' and 'dic'

>>> mul(2.3, "python")
Traceback (most recent call last):
	  ...
TypeError: can't multiply sequence by non-int pf type 'float'

>>> mul("python", 2.3)
Traceback (most recent call last):
	  ...
TypeError: can't multiply sequence by non-int pf type 'float'

>>> mul(1e1000, 1e1000)
inf

>>> mul(1e1000, 2)
inf

>>> mul(2, 1e1000)
inf
