say_my_name = __import__('3-say_my_name').say_my_name

>>> say_my_name("John", "smith")
John smith

>>> say_my_name("John", 3)
Traceback: (most recent call last)
	   ...
TypeError: last_name must be a string

>>> say_my_name(4, "John")
Traceback: (most recent call last)
	   ...
TypeError: first_name must be a string

>>> say_my_name(4, 5)
Traceback: (most recent call last)
	   ...
TypeError: first_name must be a string

>>> say_my_name("john", [1, 2, 3])
Traceback: (most recent call last)
	   ...
TypeError: last_name must be a string

>>> say_my_name([1, 2, 3], "john")
Traceback: (most recent call last)
	   ...
TypeError: first_name must be a string

>>> say_my_name([1, 2, 3], [1, 2, 3])
Traceback: (most recent call last)
	   ...
TypeError: first_name must be a string

>>> say_my_name(None, None)
Traceback: (most recent call last)
	   ...
TypeError: first_name must be a string

>>> say_my_name(None, "John")
Traceback: (most recent call last)
	   ...
TypeError: first_name must be a string

>>> say_my_name("John", None)
Traceback: (most recent call last)
	   ...
TypeError: last_name must be a string
